{
  "13.0-20170118-unofficial-golden": 3,
  "13.0-20170121-unofficial-golden": 7,
  "13.0-20170129-unofficial-golden": 78,
  "13.0-20170224-unofficial-golden": 5,
  "13.0-20170302-unofficial-golden": 13,
  "13.0-20170310-unofficial-golden": 37,
  "13.0-20170328-unofficial-golden": 640,
  "13.0-20170420-unofficial-golden": 31,
  "13.0-20190315-unofficial-golden": 1,
  "14.1-20170122-unofficial-golden": 210,
  "14.1-20170318-unofficial-golden": 5,
  "14.1-20170402-unofficial-golden": 3,
  "14.1-20170415-unofficial-golden": 3,
  "14.1-20170419-unofficial-golden": 6,
  "14.1-20170503-unofficial-golden": 2,
  "14.1-20170507-unofficial-golden": 15,
  "14.1-20170516-unofficial-golden": 1,
  "14.1-20170522-unofficial-golden": 4,
  "14.1-20170609-unofficial-golden": 527,
  "14.1-20170610-unofficial-golden": 9,
  "14.1-20170628-unofficial-golden": 830,
  "14.1-20170724-unofficial-golden": 27,
  "14.1-20170817-unofficial-golden": 65,
  "14.1-20170920-unofficial-golden": 13,
  "14.1-20171011-unofficial-golden": 87,
  "14.1-20171215_192311-official-golden": 76,
  "14.1-20171215_192311-unofficial-golden": 983,
  "14.1-20180109_002536-unofficial-golden": 299,
  "14.1-20181014-unofficial-golden": 1,
  "14.1-20191011-official-golden": 1,
  "14.1-20200222-unofficial-golden": 1,
  "15.1-20181030-unofficial-golden": 7
}