{
  "13.0-20170118-unofficial-golden": 2,
  "13.0-20170121-unofficial-golden": 7,
  "13.0-20170129-unofficial-golden": 102,
  "13.0-20170224-unofficial-golden": 5,
  "13.0-20170302-unofficial-golden": 19,
  "13.0-20170310-unofficial-golden": 102,
  "13.0-20170328-unofficial-golden": 796,
  "13.0-20170420-unofficial-golden": 19,
  "13.0-20170905-unofficial-glee": 1,
  "14.1-20170122-unofficial-golden": 196,
  "14.1-20170318-unofficial-golden": 4,
  "14.1-20170402-unofficial-golden": 11,
  "14.1-20170415-unofficial-golden": 3,
  "14.1-20170419-unofficial-golden": 11,
  "14.1-20170503-unofficial-golden": 3,
  "14.1-20170507-unofficial-golden": 33,
  "14.1-20170516-unofficial-golden": 1,
  "14.1-20170522-unofficial-golden": 6,
  "14.1-20170609-unofficial-golden": 702,
  "14.1-20170610-unofficial-golden": 13,
  "14.1-20170628-unofficial-golden": 886,
  "14.1-20170724-unofficial-golden": 47,
  "14.1-20170817-unofficial-golden": 73,
  "14.1-20170920-unofficial-golden": 16,
  "14.1-20171011-unofficial-golden": 138,
  "14.1-20171215_192311-official-golden": 61,
  "14.1-20171215_192311-unofficial-golden": 1397,
  "14.1-20180109_002536-unofficial-golden": 391,
  "14.1-20181014-unofficial-golden": 2,
  "15.1-20181030-unofficial-golden": 6
}