{
  "13.0": 1219,
  "14.1": 4169,
  "15.1": 5,
  "17.1": 8,
  "none": 1
}