{
  "13.0": 1249,
  "14.1": 4320,
  "15.1": 5,
  "17.1": 8,
  "none": 1
}