{
  "13.0": 911,
  "14.1": 2856,
  "15.1": 4,
  "17.1": 2,
  "none": 1
}