{
  "12.1-20170404-unofficial-golden": 1,
  "13.0-20170118-unofficial-golden": 2,
  "13.0-20170121-unofficial-golden": 6,
  "13.0-20170129-unofficial-golden": 98,
  "13.0-20170224-unofficial-golden": 5,
  "13.0-20170302-unofficial-golden": 15,
  "13.0-20170310-unofficial-golden": 42,
  "13.0-20170328-unofficial-golden": 704,
  "13.0-20170420-unofficial-golden": 30,
  "13.0-20180315-unofficial-golden": 1,
  "13.0-20190315-unofficial-golden": 1,
  "14.1-20170122-unofficial-golden": 206,
  "14.1-20170318-unofficial-golden": 4,
  "14.1-20170402-unofficial-golden": 3,
  "14.1-20170415-unofficial-golden": 2,
  "14.1-20170419-unofficial-golden": 5,
  "14.1-20170503-unofficial-golden": 2,
  "14.1-20170507-unofficial-golden": 21,
  "14.1-20170516-unofficial-golden": 1,
  "14.1-20170522-unofficial-golden": 5,
  "14.1-20170609-unofficial-golden": 575,
  "14.1-20170610-unofficial-golden": 10,
  "14.1-20170628-unofficial-golden": 823,
  "14.1-20170724-unofficial-golden": 35,
  "14.1-20170817-unofficial-golden": 71,
  "14.1-20170920-unofficial-golden": 12,
  "14.1-20171011-unofficial-golden": 89,
  "14.1-20171215_192311-official-golden": 71,
  "14.1-20171215_192311-unofficial-golden": 1065,
  "14.1-20180109_002536-unofficial-golden": 311,
  "14.1-20181014-unofficial-golden": 3,
  "14.1-20200222-unofficial-golden": 1,
  "15.1-20181030-unofficial-golden": 7
}