{
  "12.1-20160524-unofficial-golden": 1,
  "13.0-20170118-unofficial-golden": 5,
  "13.0-20170121-unofficial-golden": 2,
  "13.0-20170129-unofficial-golden": 129,
  "13.0-20170224-unofficial-golden": 10,
  "13.0-20170302-unofficial-golden": 20,
  "13.0-20170310-unofficial-golden": 95,
  "13.0-20170328-unofficial-golden": 972,
  "13.0-20170420-unofficial-golden": 25,
  "13.0-20180315-unofficial-golden": 3,
  "13.0-20180620-unofficial-golden": 1,
  "14.1-20170122-unofficial-golden": 217,
  "14.1-20170318-unofficial-golden": 8,
  "14.1-20170402-unofficial-golden": 22,
  "14.1-20170415-unofficial-golden": 8,
  "14.1-20170419-unofficial-golden": 13,
  "14.1-20170503-unofficial-golden": 4,
  "14.1-20170507-unofficial-golden": 48,
  "14.1-20170516-unofficial-golden": 2,
  "14.1-20170522-unofficial-golden": 10,
  "14.1-20170609-unofficial-golden": 890,
  "14.1-20170610-unofficial-golden": 21,
  "14.1-20170628-unofficial-golden": 899,
  "14.1-20170724-unofficial-golden": 68,
  "14.1-20170817-unofficial-golden": 82,
  "14.1-20170920-unofficial-golden": 27,
  "14.1-20171011-unofficial-golden": 210,
  "14.1-20171215_192311-official-golden": 90,
  "14.1-20171215_192311-unofficial-golden": 1675,
  "14.1-20180109_002536-unofficial-golden": 394,
  "14.1-20181014-unofficial-golden": 14,
  "15.1-20181030-unofficial-golden": 11,
  "android one(lineageos14.1)": 1
}