{
  "13.0": 1100,
  "14.1": 3610,
  "15.1": 4,
  "17.1": 5,
  "none": 1
}