{
  "13.0": 1185,
  "14.1": 4020,
  "15.1": 5,
  "17.1": 8,
  "none": 1
}