{
  "13.0": 1022,
  "14.1": 3352,
  "15.1": 4,
  "17.1": 5,
  "none": 1
}