{
  "13.0": 991,
  "14.1": 3197,
  "15.1": 4,
  "17.1": 4,
  "none": 1
}