{
  "13.0": 952,
  "14.1": 3020,
  "15.1": 4,
  "17.1": 3,
  "none": 1
}