{
  "13.0": 1128,
  "14.1": 3746,
  "15.1": 4,
  "17.1": 6,
  "none": 1
}