{
  "13.0": 1060,
  "14.1": 3462,
  "15.1": 4,
  "17.1": 5,
  "none": 1
}