{
  "13.0": 1426,
  "14.1": 5138,
  "15.1": 6,
  "17.1": 14,
  "none": 1
}