{
  "13.0": 863,
  "14.1": 2659,
  "15.1": 4,
  "17.1": 2,
  "none": 1
}