{
  "13.0-20170118-unofficial-golden": 5,
  "13.0-20170121-unofficial-golden": 8,
  "13.0-20170129-unofficial-golden": 107,
  "13.0-20170224-unofficial-golden": 8,
  "13.0-20170302-unofficial-golden": 19,
  "13.0-20170310-unofficial-golden": 105,
  "13.0-20170328-unofficial-golden": 843,
  "13.0-20170420-unofficial-golden": 14,
  "13.0-20170905-unofficial-glee": 1,
  "13.0-20180315-unofficial-golden": 2,
  "13.0-20180620-unofficial-golden": 1,
  "14.1-20170122-unofficial-golden": 205,
  "14.1-20170318-unofficial-golden": 3,
  "14.1-20170402-unofficial-golden": 12,
  "14.1-20170415-unofficial-golden": 5,
  "14.1-20170419-unofficial-golden": 11,
  "14.1-20170503-unofficial-golden": 3,
  "14.1-20170507-unofficial-golden": 40,
  "14.1-20170516-unofficial-golden": 3,
  "14.1-20170522-unofficial-golden": 10,
  "14.1-20170609-unofficial-golden": 766,
  "14.1-20170610-unofficial-golden": 15,
  "14.1-20170628-unofficial-golden": 958,
  "14.1-20170724-unofficial-golden": 54,
  "14.1-20170817-unofficial-golden": 73,
  "14.1-20170920-unofficial-golden": 17,
  "14.1-20171011-unofficial-golden": 155,
  "14.1-20171215_192311-official-golden": 65,
  "14.1-20171215_192311-unofficial-golden": 1517,
  "14.1-20180109_002536-unofficial-golden": 418,
  "14.1-20181014-unofficial-golden": 2,
  "15.1-20181030-unofficial-golden": 7
}