{
  "13.0-20170129-unofficial-golden": 35,
  "13.0-20170224-unofficial-golden": 5,
  "13.0-20170302-unofficial-golden": 4,
  "13.0-20170310-unofficial-golden": 10,
  "13.0-20170328-unofficial-golden": 212,
  "13.0-20170420-unofficial-golden": 14,
  "14.1-20170122-unofficial-golden": 111,
  "14.1-20170318-unofficial-golden": 2,
  "14.1-20170402-unofficial-golden": 1,
  "14.1-20170415-unofficial-golden": 3,
  "14.1-20170419-unofficial-golden": 2,
  "14.1-20170507-unofficial-golden": 11,
  "14.1-20170522-unofficial-golden": 1,
  "14.1-20170609-unofficial-golden": 192,
  "14.1-20170610-unofficial-golden": 4,
  "14.1-20170628-unofficial-golden": 346,
  "14.1-20170724-unofficial-golden": 19,
  "14.1-20170817-unofficial-golden": 13,
  "14.1-20170920-unofficial-golden": 3,
  "14.1-20171011-unofficial-golden": 23,
  "14.1-20171215_192311-official-golden": 28,
  "14.1-20171215_192311-unofficial-golden": 269,
  "14.1-20180109_002536-unofficial-golden": 68,
  "14.1-20181014-unofficial-golden": 1,
  "14.1-20200817_071197-official-golden-rogerwed": 1,
  "15.1-20181030-unofficial-golden": 2,
  "golden-user 8.1.0 oe632e 3de271a2ce release-keys": 1
}