{
  "13.0": 1395,
  "14.1": 5009,
  "15.1": 6,
  "17.1": 13,
  "none": 1
}