{
  "13.0": 1318,
  "14.1": 4590,
  "15.1": 6,
  "17.1": 9,
  "none": 1
}