{
  "13.0-20170118-unofficial-golden": 1,
  "13.0-20170121-unofficial-golden": 1,
  "13.0-20170129-unofficial-golden": 67,
  "13.0-20170224-unofficial-golden": 5,
  "13.0-20170302-unofficial-golden": 5,
  "13.0-20170310-unofficial-golden": 11,
  "13.0-20170328-unofficial-golden": 372,
  "13.0-20170420-unofficial-golden": 27,
  "14.1-20170122-unofficial-golden": 172,
  "14.1-20170318-unofficial-golden": 4,
  "14.1-20170402-unofficial-golden": 3,
  "14.1-20170415-unofficial-golden": 5,
  "14.1-20170419-unofficial-golden": 4,
  "14.1-20170507-unofficial-golden": 15,
  "14.1-20170522-unofficial-golden": 1,
  "14.1-20170609-unofficial-golden": 306,
  "14.1-20170610-unofficial-golden": 6,
  "14.1-20170628-unofficial-golden": 531,
  "14.1-20170724-unofficial-golden": 29,
  "14.1-20170817-unofficial-golden": 19,
  "14.1-20170920-unofficial-golden": 6,
  "14.1-20171011-unofficial-golden": 50,
  "14.1-20171215_192311-official-golden": 85,
  "14.1-20171215_192311-unofficial-golden": 493,
  "14.1-20180109_002536-unofficial-golden": 119,
  "14.1-20181014-unofficial-golden": 1,
  "14.1-20200817_071197-official-golden-rogerwed": 1,
  "15.1-20181030-unofficial-golden": 5,
  "golden-user 8.1.0 oe632e 3de271a2ce release-keys": 1,
  "njh47f release-keys": 1
}