{
  "13.0": 1154,
  "14.1": 3884,
  "15.1": 4,
  "17.1": 7,
  "none": 1
}