{
  "12.1": 1,
  "13.0-20170118-unofficial-golden": 1,
  "13.0-20170121-unofficial-golden": 7,
  "13.0-20170129-unofficial-golden": 108,
  "13.0-20170224-unofficial-golden": 5,
  "13.0-20170302-unofficial-golden": 17,
  "13.0-20170310-unofficial-golden": 95,
  "13.0-20170328-unofficial-golden": 809,
  "13.0-20170420-unofficial-golden": 18,
  "13.0-20170905-unofficial-glee": 1,
  "14.1-20170122-unofficial-golden": 204,
  "14.1-20170318-unofficial-golden": 6,
  "14.1-20170402-unofficial-golden": 5,
  "14.1-20170415-unofficial-golden": 3,
  "14.1-20170419-unofficial-golden": 10,
  "14.1-20170503-unofficial-golden": 3,
  "14.1-20170507-unofficial-golden": 30,
  "14.1-20170522-unofficial-golden": 5,
  "14.1-20170609-unofficial-golden": 664,
  "14.1-20170610-unofficial-golden": 15,
  "14.1-20170628-unofficial-golden": 869,
  "14.1-20170724-unofficial-golden": 44,
  "14.1-20170817-unofficial-golden": 70,
  "14.1-20170920-unofficial-golden": 16,
  "14.1-20171011-unofficial-golden": 121,
  "14.1-20171215_192311-official-golden": 58,
  "14.1-20171215_192311-unofficial-golden": 1334,
  "14.1-20180109_002536-unofficial-golden": 381,
  "15.1-20181030-unofficial-golden": 8
}