{
  "13.0": 1344,
  "14.1": 4724,
  "15.1": 6,
  "17.1": 12,
  "none": 1
}