{
  "13.0": 1281,
  "14.1": 4467,
  "15.1": 5,
  "17.1": 8,
  "none": 1
}