{
  "13.0": 1369,
  "14.1": 4862,
  "15.1": 6,
  "17.1": 12,
  "none": 1
}